ARM Linker, 5.03 [Build 69] [MDK-ARM Standard]

==============================================================================

Section Cross References

    main.o(.text) refers to init.o(.text) for InitAll
    main.o(.text) refers to lcd.o(.text) for LCD_Clear
    main.o(.text) refers to main.o(.data) for col_error
    main.o(.text) refers to command.o(.data) for low_ele
    main.o(.text) refers to guide.o(.data) for my_robot
    system_stm32f10x.o(.text) refers to system_stm32f10x.o(.data) for SystemCoreClock
    stm32f10x_gpio.o(.text) refers to stm32f10x_rcc.o(.text) for RCC_APB2PeriphResetCmd
    stm32f10x_rcc.o(.text) refers to stm32f10x_rcc.o(.data) for APBAHBPrescTable
    stm32f10x_usart.o(.text) refers to stm32f10x_rcc.o(.text) for RCC_APB2PeriphResetCmd
    stm32f10x_can.o(.text) refers to stm32f10x_rcc.o(.text) for RCC_APB1PeriphResetCmd
    stm32f10x_tim.o(.text) refers to stm32f10x_rcc.o(.text) for RCC_APB2PeriphResetCmd
    stm32f10x_spi.o(.text) refers to stm32f10x_rcc.o(.text) for RCC_APB2PeriphResetCmd
    startup_stm32f10x_hd.o(RESET) refers to startup_stm32f10x_hd.o(STACK) for __initial_sp
    startup_stm32f10x_hd.o(RESET) refers to startup_stm32f10x_hd.o(.text) for Reset_Handler
    startup_stm32f10x_hd.o(RESET) refers to stm32f10x_it.o(.text) for NMI_Handler
    startup_stm32f10x_hd.o(RESET) refers to systick.o(.text) for SysTick_Handler
    startup_stm32f10x_hd.o(RESET) refers to sa.o(.text) for EXTI2_IRQHandler
    startup_stm32f10x_hd.o(RESET) refers to compass.o(.text) for DMA1_Channel5_IRQHandler
    startup_stm32f10x_hd.o(RESET) refers to can.o(.text) for USB_LP_CAN1_RX0_IRQHandler
    startup_stm32f10x_hd.o(RESET) refers to measure.o(.text) for TIM2_IRQHandler
    startup_stm32f10x_hd.o(RESET) refers to usart.o(.text) for USART3_IRQHandler
    startup_stm32f10x_hd.o(RESET) refers to tim.o(.text) for TIM5_IRQHandler
    startup_stm32f10x_hd.o(.text) refers to system_stm32f10x.o(.text) for SystemInit
    startup_stm32f10x_hd.o(.text) refers to entry.o(.ARM.Collect$$$$00000000) for __main
    systick.o(.text) refers to compass.o(.text) for UART1_SendByte
    systick.o(.text) refers to stm32f10x_gpio.o(.text) for GPIO_ResetBits
    systick.o(.text) refers to system_stm32f10x.o(.data) for SystemCoreClock
    systick.o(.text) refers to systick.o(.data) for TimingDelay
    usart.o(.text) refers to stm32f10x_rcc.o(.text) for RCC_APB2PeriphClockCmd
    usart.o(.text) refers to stm32f10x_usart.o(.text) for USART_DeInit
    usart.o(.text) refers to stm32f10x_gpio.o(.text) for GPIO_Init
    usart.o(.text) refers to misc.o(.text) for NVIC_Init
    usart.o(.text) refers to stm32f10x_dma.o(.text) for DMA_DeInit
    usart.o(.text) refers to usart.o(.bss) for USART3_TxBuffer
    usart.o(.text) refers to usart.o(.data) for KeyValue
    usart.o(.data) refers to usart.o(.conststring) for .conststring
    init.o(.text) refers to flash.o(.text) for Data_Load
    init.o(.text) refers to ffltui.o(.text) for __aeabi_ui2f
    init.o(.text) refers to stm32f10x_rcc.o(.text) for RCC_DeInit
    init.o(.text) refers to stm32f10x_flash.o(.text) for FLASH_PrefetchBufferCmd
    init.o(.text) refers to stm32f10x_gpio.o(.text) for GPIO_PinRemapConfig
    init.o(.text) refers to pwm.o(.text) for TIM_PWM_Init
    init.o(.text) refers to f2d.o(.text) for __aeabi_f2d
    init.o(.text) refers to sin.o(i.sin) for sin
    init.o(.text) refers to ddiv.o(.text) for __aeabi_ddiv
    init.o(.text) refers to d2f.o(.text) for __aeabi_d2f
    init.o(.text) refers to cos.o(i.cos) for cos
    init.o(.text) refers to fmul.o(.text) for __aeabi_fmul
    init.o(.text) refers to dmul.o(.text) for __aeabi_dmul
    init.o(.text) refers to misc.o(.text) for NVIC_PriorityGroupConfig
    init.o(.text) refers to tim.o(.text) for move_timer_cfg
    init.o(.text) refers to systick.o(.text) for SysTick_init
    init.o(.text) refers to can.o(.text) for Can1_Init
    init.o(.text) refers to sa.o(.text) for SA_Init
    init.o(.text) refers to usart.o(.text) for USART3_Init
    init.o(.text) refers to compass.o(.text) for Compass_Init
    init.o(.text) refers to flash.o(.bss) for flash_save
    init.o(.text) refers to m_move.o(.data) for AGV_speed
    init.o(.text) refers to init.o(.data) for delta_x
    init.o(.text) refers to pwm.o(.data) for pwm1_2_Freqz
    init.o(.text) refers to mecanum.o(.data) for wheel_r
    init.o(.text) refers to init.o(.bss) for mycoeff_arg
    init.o(.text) refers to memseta.o(.text) for __aeabi_memclr4
    init.o(.text) refers to lcd.o(.text) for LCD_Clear
    init.o(.text) refers to m_move.o(.text) for my_test
    init.o(.text) refers to func.o(.text) for ShowMenuList
    init.o(.text) refers to usart.o(.data) for KeyReady
    lcd.o(.text) refers to cdcmple.o(.text) for __aeabi_cdcmple
    lcd.o(.text) refers to cdrcmple.o(.text) for __aeabi_cdrcmple
    lcd.o(.text) refers to dfixi.o(.text) for __aeabi_d2iz
    lcd.o(.text) refers to dflti.o(.text) for __aeabi_i2d
[...]
    .text                                    0x08008f00   Section        0  fflti.o(.text)
    .text                                    0x08008f12   Section        0  ffltui.o(.text)
    .text                                    0x08008f1c   Section        0  dflti.o(.text)
    .text                                    0x08008f3e   Section        0  dfltui.o(.text)
    .text                                    0x08008f58   Section        0  ffixui.o(.text)
    .text                                    0x08008f80   Section        0  dfixi.o(.text)
    .text                                    0x08008fbe   Section        0  dfixui.o(.text)
    .text                                    0x08008ff0   Section        0  f2d.o(.text)
    .text                                    0x08009018   Section       40  cdcmple.o(.text)
    .text                                    0x08009040   Section       40  cdrcmple.o(.text)
    .text                                    0x08009068   Section        0  d2f.o(.text)
    .text                                    0x080090a0   Section       20  cfcmple.o(.text)
    .text                                    0x080090b4   Section       20  cfrcmple.o(.text)
    .text                                    0x080090c8   Section        0  llshl.o(.text)
    .text                                    0x080090e6   Section        0  llushr.o(.text)
    .text                                    0x08009106   Section        0  llsshr.o(.text)
    .text                                    0x0800912a   Section        0  iusefp.o(.text)
    .text                                    0x0800912a   Section        0  fepilogue.o(.text)
    .text                                    0x08009196   Section        0  depilogue.o(.text)
    .text                                    0x08009254   Section        0  dscalb.o(.text)
    .text                                    0x08009282   Section        0  dsqrt.o(.text)
    .text                                    0x08009324   Section       36  init.o(.text)
    .text                                    0x08009348   Section        0  __dczerorl2.o(.text)
    i.__ARM_fpclassify                       0x080093a4   Section        0  fpclassify.o(i.__ARM_fpclassify)
    i.__ieee754_rem_pio2                     0x080093cc   Section        0  rred.o(i.__ieee754_rem_pio2)
    i.__kernel_cos                           0x08009754   Section        0  cos_i.o(i.__kernel_cos)
    i.__kernel_poly                          0x08009850   Section        0  poly.o(i.__kernel_poly)
    i.__kernel_sin                           0x080098fc   Section        0  sin_i.o(i.__kernel_sin)
    i.__mathlib_dbl_underflow                0x080099e8   Section        0  dunder.o(i.__mathlib_dbl_underflow)
    i.__scatterload_copy                     0x080099f8   Section       14  handlers.o(i.__scatterload_copy)
    i.__scatterload_null                     0x08009a06   Section        2  handlers.o(i.__scatterload_null)
    i.__scatterload_zeroinit                 0x08009a08   Section       14  handlers.o(i.__scatterload_zeroinit)
    i.__set_errno                            0x08009a18   Section        0  errno.o(i.__set_errno)
    i.ceil                                   0x08009a24   Section        0  ceil.o(i.ceil)
    i.cos                                    0x08009b00   Section        0  cos.o(i.cos)
    i.hypot                                  0x08009bac   Section        0  hypot.o(i.hypot)
    i.sin                                    0x08009e44   Section        0  sin.o(i.sin)
    i.sqrt                                   0x08009ef4   Section        0  sqrt.o(i.sqrt)
    .constdata                               0x08009f40   Section       84  lcd.o(.constdata)
    .constdata                               0x08009f94   Section       69  parameter_setting.o(.constdata)
    .constdata                               0x08009fdc   Section       32  m_sa.o(.constdata)
    .constdata                               0x08009ffc   Section       89  m_compass.o(.constdata)
    .constdata                               0x0800a058   Section       48  cos_i.o(.constdata)
    C                                        0x0800a058   Data          48  cos_i.o(.constdata)
    .constdata                               0x0800a088   Section      200  rred.o(.constdata)
    pio2s                                    0x0800a088   Data          48  rred.o(.constdata)
    twooverpi                                0x0800a0b8   Data         152  rred.o(.constdata)
    .constdata                               0x0800a150   Section       40  sin_i.o(.constdata)
    S                                        0x0800a150   Data          40  sin_i.o(.constdata)
    .conststring                             0x0800a178   Section        3  usart.o(.conststring)
    .conststring                             0x0800a17b   Section      201  list.o(.conststring)
    .conststring                             0x0800a244   Section       60  m_sa.o(.conststring)
    .data                                    0x20000000   Section        1  main.o(.data)
    .data                                    0x20000004   Section       20  system_stm32f10x.o(.data)
    .data                                    0x20000018   Section       20  stm32f10x_rcc.o(.data)
    APBAHBPrescTable                         0x20000018   Data          16  stm32f10x_rcc.o(.data)
    ADCPrescTable                            0x20000028   Data           4  stm32f10x_rcc.o(.data)
    .data                                    0x2000002c   Section        8  systick.o(.data)
    cnt                                      0x2000002c   Data           4  systick.o(.data)
    TimingDelay                              0x20000030   Data           4  systick.o(.data)
    .data                                    0x20000038   Section       24  usart.o(.data)
    .data                                    0x20000050   Section       16  init.o(.data)
    .data                                    0x20000060   Section        8  lcd.o(.data)
    send_flag                                0x20000061   Data           1  lcd.o(.data)
    m                                        0x20000064   Data           4  lcd.o(.data)
    .data                                    0x20000068   Section       20  pwm.o(.data)
    .data                                    0x2000007c   Section       16  measure.o(.data)
    .data                                    0x2000008c   Section        1  sa.o(.data)
    .data                                    0x20000090   Section      392  can_database.o(.data)
    .data                                    0x20000218   Section       37  command.o(.data)
    .data                                    0x20000240   Section       16  compass.o(.data)
    .data                                    0x20000250   Section      156  mecanum.o(.data)
    robo_L                                   0x2000026c   Data           4  mecanum.o(.data)
    robo_W                                   0x20000270   Data           4  mecanum.o(.data)
    wheel_rr                                 0x20000278   Data           4  mecanum.o(.data)
    f_last                                   0x200002bc   Data           4  mecanum.o(.data)
    bl_last                                  0x200002c0   Data           4  mecanum.o(.data)
    br_last                                  0x200002c4   Data           4  mecanum.o(.data)
    .data                                    0x200002ec   Section       40  guide.o(.data)
    tmp_ang                                  0x20000310   Data           4  guide.o(.data)
    .data                                    0x20000314   Section        8  can.o(.data)
    i                                        0x20000318   Data           4  can.o(.data)
    .data                                    0x2000031c   Section       16  tim.o(.data)
    count                                    0x20000324   Data           4  tim.o(.data)
    count                                    0x20000328   Data           4  tim.o(.data)
    .data                                    0x2000032c   Section       12  obstacle.o(.data)
    .data                                    0x20000338   Section      184  pid.o(.data)
    A                                        0x200003d0   Data           8  pid.o(.data)
    B                                        0x200003d8   Data           8  pid.o(.data)
    C                                        0x200003e0   Data           8  pid.o(.data)
    delta                                    0x200003e8   Data           8  pid.o(.data)
    .data                                    0x200003f0   Section      644  list.o(.data)
    .data                                    0x20000678   Section        8  m_adc.o(.data)
    .data                                    0x20000680   Section       12  m_move.o(.data)
    .data                                    0x2000068c   Section        4  errno.o(.data)
    _errno                                   0x2000068c   Data           4  errno.o(.data)
    .bss                                     0x20000690   Section       48  usart.o(.bss)
    .bss                                     0x200006c0   Section       36  init.o(.bss)
    .bss                                     0x200006e4   Section      160  lcd.o(.bss)
    .bss                                     0x20000784   Section       26  pwm.o(.bss)
    .bss                                     0x200007a0   Section       16  compass.o(.bss)
    .bss                                     0x200007b0   Section       30  obstacle.o(.bss)
    .bss                                     0x200007d0   Section       88  flash.o(.bss)
    STACK                                    0x20000828   Section     1024  startup_stm32f10x_hd.o(STACK)

    Global Symbols

    Symbol Name                              Value     Ov Type        Size  Object(Section)

    BuildAttributes$$THM_ISAv4$P$D$K$B$S$PE$A:L22UL41UL21$X:L11$S22US41US21$IEEE1$IW$USESV6$~STKCKD$USESV7$~SHL$OTIME$ROPI$IEEEX$EBA8$MICROLIB$REQ8$PRES8$EABIv2 0x00000000   Number         0  anon$$obj.o ABSOLUTE
    __ARM_use_no_argv                        0x00000000   Number         0  main.o ABSOLUTE
    __cpp_initialize__aeabi_                  - Undefined Weak Reference
    __cxa_finalize                            - Undefined Weak Reference
    _clock_init                               - Undefined Weak Reference
    _microlib_exit                            - Undefined Weak Reference
    __Vectors_Size                           0x00000130   Number         0  startup_stm32f10x_hd.o ABSOLUTE
    __Vectors                                0x08000000   Data           4  startup_stm32f10x_hd.o(RESET)
    __Vectors_End                            0x08000130   Data           0  startup_stm32f10x_hd.o(RESET)
    __main                                   0x08000131   Thumb Code     0  entry.o(.ARM.Collect$$$$00000000)
    _main_stk                                0x08000131   Thumb Code     0  entry2.o(.ARM.Collect$$$$00000001)
    _main_scatterload                        0x08000135   Thumb Code     0  entry5.o(.ARM.Collect$$$$00000004)
    __main_after_scatterload                 0x08000139   Thumb Code     0  entry5.o(.ARM.Collect$$$$00000004)
    _main_clock                              0x08000139   Thumb Code     0  entry7b.o(.ARM.Collect$$$$00000008)
    _main_cpp_init                           0x08000139   Thumb Code     0  entry8b.o(.ARM.Collect$$$$0000000A)
    _main_init                               0x08000139   Thumb Code     0  entry9a.o(.ARM.Collect$$$$0000000B)
    __rt_final_cpp                           0x08000141   Thumb Code     0  entry10a.o(.ARM.Collect$$$$0000000D)
    __rt_final_exit                          0x08000141   Thumb Code     0  entry11a.o(.ARM.Collect$$$$0000000F)
    main                                     0x08000145   Thumb Code    32  main.o(.text)
    NMI_Handler                              0x08000171   Thumb Code     2  stm32f10x_it.o(.text)
    HardFault_Handler                        0x08000173   Thumb Code     4  stm32f10x_it.o(.text)
    MemManage_Handler                        0x08000177   Thumb Code     4  stm32f10x_it.o(.text)
    BusFault_Handler                         0x0800017b   Thumb Code     4  stm32f10x_it.o(.text)
    UsageFault_Handler                       0x0800017f   Thumb Code     4  stm32f10x_it.o(.text)
    SVC_Handler                              0x08000183   Thumb Code     2  stm32f10x_it.o(.text)
    DebugMon_Handler                         0x08000185   Thumb Code     2  stm32f10x_it.o(.text)
    PendSV_Handler                           0x08000187   Thumb Code     2  stm32f10x_it.o(.text)
    SystemInit                               0x08000265   Thumb Code    78  system_stm32f10x.o(.text)
    SystemCoreClockUpdate                    0x080002b3   Thumb Code   142  system_stm32f10x.o(.text)
    GPIO_DeInit                              0x08000365   Thumb Code   172  stm32f10x_gpio.o(.text)
    GPIO_AFIODeInit                          0x08000411   Thumb Code    20  stm32f10x_gpio.o(.text)
    GPIO_Init                                0x08000425   Thumb Code   274  stm32f10x_gpio.o(.text)
    GPIO_StructInit                          0x08000537   Thumb Code    16  stm32f10x_gpio.o(.text)
    GPIO_ReadInputDataBit                    0x08000547   Thumb Code    18  stm32f10x_gpio.o(.text)
    GPIO_ReadInputData                       0x08000559   Thumb Code     8  stm32f10x_gpio.o(.text)
    GPIO_ReadOutputDataBit                   0x08000561   Thumb Code    18  stm32f10x_gpio.o(.text)
    GPIO_ReadOutputData                      0x08000573   Thumb Code     8  stm32f10x_gpio.o(.text)
    GPIO_SetBits                             0x0800057b   Thumb Code     4  stm32f10x_gpio.o(.text)
    GPIO_ResetBits                           0x0800057f   Thumb Code     4  stm32f10x_gpio.o(.text)
    GPIO_WriteBit                            0x08000583   Thumb Code    10  stm32f10x_gpio.o(.text)
    GPIO_Write                               0x0800058d   Thumb Code     4  stm32f10x_gpio.o(.text)
    GPIO_PinLockConfig                       0x08000591   Thumb Code    18  stm32f10x_gpio.o(.text)
    GPIO_EventOutputConfig                   0x080005a3   Thumb Code    26  stm32f10x_gpio.o(.text)
    GPIO_EventOutputCmd                      0x080005bd   Thumb Code     6  stm32f10x_gpio.o(.text)
    GPIO_PinRemapConfig                      0x080005c3   Thumb Code   138  stm32f10x_gpio.o(.text)
    GPIO_EXTILineConfig                      0x0800064d   Thumb Code    66  stm32f10x_gpio.o(.text)
    GPIO_ETH_MediaInterfaceConfig            0x0800068f   Thumb Code     6  stm32f10x_gpio.o(.text)
    RCC_DeInit                               0x080006bd   Thumb Code    64  stm32f10x_rcc.o(.text)
    RCC_HSEConfig                            0x080006fd   Thumb Code    70  stm32f10x_rcc.o(.text)
    RCC_GetFlagStatus                        0x08000743   Thumb Code    56  stm32f10x_rcc.o(.text)
    RCC_WaitForHSEStartUp                    0x0800077b   Thumb Code    56  stm32f10x_rcc.o(.text)
    RCC_AdjustHSICalibrationValue            0x080007b3   Thumb Code    20  stm32f10x_rcc.o(.text)
    RCC_HSICmd                               0x080007c7   Thumb Code     6  stm32f10x_rcc.o(.text)
    RCC_PLLConfig                            0x080007cd   Thumb Code    24  stm32f10x_rcc.o(.text)
    RCC_PLLCmd                               0x080007e5   Thumb Code     6  stm32f10x_rcc.o(.text)
    RCC_SYSCLKConfig                         0x080007eb   Thumb Code    18  stm32f10x_rcc.o(.text)
    RCC_GetSYSCLKSource                      0x080007fd   Thumb Code    10  stm32f10x_rcc.o(.text)
    RCC_HCLKConfig                           0x08000807   Thumb Code    18  stm32f10x_rcc.o(.text)
    RCC_PCLK1Config                          0x08000819   Thumb Code    18  stm32f10x_rcc.o(.text)
    RCC_PCLK2Config                          0x0800082b   Thumb Code    20  stm32f10x_rcc.o(.text)
    RCC_ITConfig                             0x0800083f   Thumb Code    26  stm32f10x_rcc.o(.text)
    RCC_USBCLKConfig                         0x08000859   Thumb Code     6  stm32f10x_rcc.o(.text)
    RCC_ADCCLKConfig                         0x0800085f   Thumb Code    18  stm32f10x_rcc.o(.text)
    RCC_LSEConfig                            0x08000871   Thumb Code    44  stm32f10x_rcc.o(.text)
    RCC_LSICmd                               0x0800089d   Thumb Code     6  stm32f10x_rcc.o(.text)
    RCC_RTCCLKConfig                         0x080008a3   Thumb Code    12  stm32f10x_rcc.o(.text)
    RCC_RTCCLKCmd                            0x080008af   Thumb Code     8  stm32f10x_rcc.o(.text)
    RCC_GetClocksFreq                        0x080008b7   Thumb Code   192  stm32f10x_rcc.o(.text)
    RCC_AHBPeriphClockCmd                    0x08000977   Thumb Code    26  stm32f10x_rcc.o(.text)
    RCC_APB2PeriphClockCmd                   0x08000991   Thumb Code    26  stm32f10x_rcc.o(.text)
    RCC_APB1PeriphClockCmd                   0x080009ab   Thumb Code    26  stm32f10x_rcc.o(.text)
    RCC_APB2PeriphResetCmd                   0x080009c5   Thumb Code    26  stm32f10x_rcc.o(.text)
    RCC_APB1PeriphResetCmd                   0x080009df   Thumb Code    26  stm32f10x_rcc.o(.text)
    RCC_BackupResetCmd                       0x080009f9   Thumb Code     8  stm32f10x_rcc.o(.text)
    RCC_ClockSecuritySystemCmd               0x08000a01   Thumb Code     6  stm32f10x_rcc.o(.text)
    RCC_MCOConfig                            0x08000a07   Thumb Code     6  stm32f10x_rcc.o(.text)
    RCC_ClearFlag                            0x08000a0d   Thumb Code    14  stm32f10x_rcc.o(.text)
    RCC_GetITStatus                          0x08000a1b   Thumb Code    20  stm32f10x_rcc.o(.text)
    RCC_ClearITPendingBit                    0x08000a2f   Thumb Code     6  stm32f10x_rcc.o(.text)
    USART_DeInit                             0x08000a61   Thumb Code   134  stm32f10x_usart.o(.text)
    USART_Init                               0x08000ae7   Thumb Code   210  stm32f10x_usart.o(.text)
    USART_StructInit                         0x08000bb9   Thumb Code    24  stm32f10x_usart.o(.text)
    USART_ClockInit                          0x08000bd1   Thumb Code    34  stm32f10x_usart.o(.text)
    USART_ClockStructInit                    0x08000bf3   Thumb Code    12  stm32f10x_usart.o(.text)
    USART_Cmd                                0x08000bff   Thumb Code    24  stm32f10x_usart.o(.text)
    USART_ITConfig                           0x08000c17   Thumb Code    74  stm32f10x_usart.o(.text)
    USART_DMACmd                             0x08000c61   Thumb Code    18  stm32f10x_usart.o(.text)
    USART_SetAddress                         0x08000c73   Thumb Code    18  stm32f10x_usart.o(.text)
    USART_WakeUpConfig                       0x08000c85   Thumb Code    18  stm32f10x_usart.o(.text)
    USART_ReceiverWakeUpCmd                  0x08000c97   Thumb Code    24  stm32f10x_usart.o(.text)
    USART_LINBreakDetectLengthConfig         0x08000caf   Thumb Code    18  stm32f10x_usart.o(.text)
    USART_LINCmd                             0x08000cc1   Thumb Code    24  stm32f10x_usart.o(.text)
    USART_SendData                           0x08000cd9   Thumb Code     8  stm32f10x_usart.o(.text)
    USART_ReceiveData                        0x08000ce1   Thumb Code    10  stm32f10x_usart.o(.text)
    USART_SendBreak                          0x08000ceb   Thumb Code    10  stm32f10x_usart.o(.text)
    USART_SetGuardTime                       0x08000cf5   Thumb Code    16  stm32f10x_usart.o(.text)
    USART_SetPrescaler                       0x08000d05   Thumb Code    16  stm32f10x_usart.o(.text)
    USART_SmartCardCmd                       0x08000d15   Thumb Code    24  stm32f10x_usart.o(.text)
    USART_SmartCardNACKCmd                   0x08000d2d   Thumb Code    24  stm32f10x_usart.o(.text)
    USART_HalfDuplexCmd                      0x08000d45   Thumb Code    24  stm32f10x_usart.o(.text)
    USART_OverSampling8Cmd                   0x08000d5d   Thumb Code    22  stm32f10x_usart.o(.text)
    USART_OneBitMethodCmd                    0x08000d73   Thumb Code    24  stm32f10x_usart.o(.text)
    USART_IrDAConfig                         0x08000d8b   Thumb Code    18  stm32f10x_usart.o(.text)
    USART_IrDACmd                            0x08000d9d   Thumb Code    24  stm32f10x_usart.o(.text)
    USART_GetFlagStatus                      0x08000db5   Thumb Code    26  stm32f10x_usart.o(.text)
    USART_ClearFlag                          0x08000dcf   Thumb Code    18  stm32f10x_usart.o(.text)
    USART_GetITStatus                        0x08000de1   Thumb Code    84  stm32f10x_usart.o(.text)
    USART_ClearITPendingBit                  0x08000e35   Thumb Code    52  stm32f10x_usart.o(.text)
    FLASH_SetLatency                         0x08000e69   Thumb Code    18  stm32f10x_flash.o(.text)
    FLASH_HalfCycleAccessCmd                 0x08000e7b   Thumb Code    22  stm32f10x_flash.o(.text)
    FLASH_PrefetchBufferCmd                  0x08000e91   Thumb Code    22  stm32f10x_flash.o(.text)
    FLASH_Unlock                             0x08000ea7   Thumb Code    12  stm32f10x_flash.o(.text)
    FLASH_UnlockBank1                        0x08000eb3   Thumb Code    12  stm32f10x_flash.o(.text)
    FLASH_Lock                               0x08000ebf   Thumb Code    14  stm32f10x_flash.o(.text)
    FLASH_LockBank1                          0x08000ecd   Thumb Code    14  stm32f10x_flash.o(.text)
    FLASH_GetBank1Status                     0x08000edb   Thumb Code    48  stm32f10x_flash.o(.text)
    FLASH_WaitForLastOperation               0x08000f0b   Thumb Code    38  stm32f10x_flash.o(.text)
    FLASH_ErasePage                          0x08000f31   Thumb Code    72  stm32f10x_flash.o(.text)
    FLASH_EraseAllPages                      0x08000f79   Thumb Code    68  stm32f10x_flash.o(.text)
    FLASH_WaitForLastBank1Operation          0x08000fbd   Thumb Code    38  stm32f10x_flash.o(.text)
    FLASH_EraseAllBank1Pages                 0x08000fe3   Thumb Code    68  stm32f10x_flash.o(.text)
    FLASH_GetReadOutProtectionStatus         0x08001027   Thumb Code    20  stm32f10x_flash.o(.text)
    FLASH_EraseOptionBytes                   0x0800103b   Thumb Code   150  stm32f10x_flash.o(.text)
    FLASH_ProgramWord                        0x080010d1   Thumb Code   102  stm32f10x_flash.o(.text)
    FLASH_ProgramHalfWord                    0x08001137   Thumb Code    60  stm32f10x_flash.o(.text)
    FLASH_ProgramOptionByteData              0x08001173   Thumb Code    72  stm32f10x_flash.o(.text)
    FLASH_EnableWriteProtection              0x080011bb   Thumb Code   200  stm32f10x_flash.o(.text)
    FLASH_ReadOutProtection                  0x08001283   Thumb Code   156  stm32f10x_flash.o(.text)
    FLASH_UserOptionByteConfig               0x0800131f   Thumb Code    88  stm32f10x_flash.o(.text)
    FLASH_GetUserOptionByte                  0x08001377   Thumb Code     8  stm32f10x_flash.o(.text)
    FLASH_GetWriteProtectionOptionByte       0x0800137f   Thumb Code     6  stm32f10x_flash.o(.text)
    FLASH_GetPrefetchBufferStatus            0x08001385   Thumb Code    20  stm32f10x_flash.o(.text)
    FLASH_ITConfig                           0x08001399   Thumb Code    26  stm32f10x_flash.o(.text)
    FLASH_GetFlagStatus                      0x080013b3   Thumb Code    42  stm32f10x_flash.o(.text)
    FLASH_ClearFlag                          0x080013dd   Thumb Code     6  stm32f10x_flash.o(.text)
    FLASH_GetStatus                          0x080013e3   Thumb Code    48  stm32f10x_flash.o(.text)
    NVIC_PriorityGroupConfig                 0x08001425   Thumb Code    10  misc.o(.text)
    NVIC_Init                                0x0800142f   Thumb Code   102  misc.o(.text)
    NVIC_SetVectorTable                      0x08001495   Thumb Code    14  misc.o(.text)
    NVIC_SystemLPConfig                      0x080014a3   Thumb Code    34  misc.o(.text)
    SysTick_CLKSourceConfig                  0x080014c5   Thumb Code    40  misc.o(.text)
    CAN_DeInit                               0x08001501   Thumb Code    50  stm32f10x_can.o(.text)
    CAN_Init                                 0x08001533   Thumb Code   276  stm32f10x_can.o(.text)
    CAN_FilterInit                           0x08001647   Thumb Code   258  stm32f10x_can.o(.text)
    CAN_StructInit                           0x08001749   Thumb Code    32  stm32f10x_can.o(.text)
    CAN_SlaveStartBank                       0x08001769   Thumb Code    48  stm32f10x_can.o(.text)
    CAN_DBGFreeze                            0x08001799   Thumb Code    22  stm32f10x_can.o(.text)
    CAN_TTComModeCmd                         0x080017af   Thumb Code   118  stm32f10x_can.o(.text)
    CAN_Transmit                             0x08001825   Thumb Code   304  stm32f10x_can.o(.text)
    CAN_TransmitStatus                       0x08001955   Thumb Code   138  stm32f10x_can.o(.text)
    CAN_CancelTransmit                       0x080019df   Thumb Code    48  stm32f10x_can.o(.text)
    CAN_Receive                              0x08001a0f   Thumb Code   240  stm32f10x_can.o(.text)
    CAN_FIFORelease                          0x08001aff   Thumb Code    22  stm32f10x_can.o(.text)
    CAN_MessagePending                       0x08001b15   Thumb Code    30  stm32f10x_can.o(.text)
    CAN_OperatingModeRequest                 0x08001b33   Thumb Code   162  stm32f10x_can.o(.text)
    CAN_Sleep                                0x08001bd5   Thumb Code    30  stm32f10x_can.o(.text)
    CAN_WakeUp                               0x08001bf3   Thumb Code    48  stm32f10x_can.o(.text)
    CAN_GetLastErrorCode                     0x08001c23   Thumb Code    12  stm32f10x_can.o(.text)
    CAN_GetReceiveErrorCounter               0x08001c2f   Thumb Code    10  stm32f10x_can.o(.text)
    CAN_GetLSBTransmitErrorCounter           0x08001c39   Thumb Code    12  stm32f10x_can.o(.text)
    CAN_ITConfig                             0x08001c45   Thumb Code    18  stm32f10x_can.o(.text)
    CAN_GetFlagStatus                        0x08001c57   Thumb Code   120  stm32f10x_can.o(.text)
    CAN_ClearFlag                            0x08001ccf   Thumb Code    52  stm32f10x_can.o(.text)
    CAN_GetITStatus                          0x08001d13   Thumb Code   308  stm32f10x_can.o(.text)
    CAN_ClearITPendingBit                    0x08001e47   Thumb Code   162  stm32f10x_can.o(.text)
    TIM_DeInit                               0x08001eed   Thumb Code   424  stm32f10x_tim.o(.text)
    TIM_TimeBaseInit                         0x08002095   Thumb Code   122  stm32f10x_tim.o(.text)
    TIM_OC1Init                              0x0800210f   Thumb Code   132  stm32f10x_tim.o(.text)
    TIM_OC2Init                              0x08002193   Thumb Code   154  stm32f10x_tim.o(.text)
    TIM_OC3Init                              0x0800222d   Thumb Code   150  stm32f10x_tim.o(.text)
    TIM_OC4Init                              0x080022c3   Thumb Code   182  stm32f10x_tim.o(.text)
    TIM_SetIC4Prescaler                      0x08002379   Thumb Code    26  stm32f10x_tim.o(.text)
    TIM_SetIC3Prescaler                      0x08002415   Thumb Code    18  stm32f10x_tim.o(.text)
    TIM_SetIC2Prescaler                      0x080024a1   Thumb Code    26  stm32f10x_tim.o(.text)
    TIM_SetIC1Prescaler                      0x0800253d   Thumb Code    18  stm32f10x_tim.o(.text)
    TIM_ICInit                               0x080025bb   Thumb Code   150  stm32f10x_tim.o(.text)
    TIM_PWMIConfig                           0x08002651   Thumb Code   124  stm32f10x_tim.o(.text)
    TIM_BDTRConfig                           0x080026cd   Thumb Code    32  stm32f10x_tim.o(.text)
    TIM_TimeBaseStructInit                   0x080026ed   Thumb Code    18  stm32f10x_tim.o(.text)
    TIM_OCStructInit                         0x080026ff   Thumb Code    20  stm32f10x_tim.o(.text)
    TIM_ICStructInit                         0x08002713   Thumb Code    18  stm32f10x_tim.o(.text)
    TIM_BDTRStructInit                       0x08002725   Thumb Code    40  stm32f10x_tim.o(.text)
    TIM_Cmd                                  0x0800274d   Thumb Code    24  stm32f10x_tim.o(.text)
    TIM_CtrlPWMOutputs                       0x08002765   Thumb Code    30  stm32f10x_tim.o(.text)
    TIM_ITConfig                             0x08002783   Thumb Code    18  stm32f10x_tim.o(.text)
    TIM_GenerateEvent                        0x08002795   Thumb Code     4  stm32f10x_tim.o(.text)
    TIM_DMAConfig                            0x08002799   Thumb Code    10  stm32f10x_tim.o(.text)
    TIM_DMACmd                               0x080027a3   Thumb Code    18  stm32f10x_tim.o(.text)
    TIM_InternalClockConfig                  0x080027b5   Thumb Code    12  stm32f10x_tim.o(.text)
    TIM_SelectInputTrigger                   0x080027c1   Thumb Code    18  stm32f10x_tim.o(.text)
    TIM_ITRxExternalClockConfig              0x080027d3   Thumb Code    24  stm32f10x_tim.o(.text)
    TIM_TIxExternalClockConfig               0x080027eb   Thumb Code    62  stm32f10x_tim.o(.text)
    TIM_ETRConfig                            0x08002829   Thumb Code    28  stm32f10x_tim.o(.text)
    TIM_ETRClockMode1Config                  0x08002845   Thumb Code    54  stm32f10x_tim.o(.text)
    TIM_ETRClockMode2Config                  0x0800287b   Thumb Code    32  stm32f10x_tim.o(.text)
    TIM_PrescalerConfig                      0x0800289b   Thumb Code     6  stm32f10x_tim.o(.text)
    TIM_CounterModeConfig                    0x080028a1   Thumb Code    18  stm32f10x_tim.o(.text)
    TIM_EncoderInterfaceConfig               0x080028b3   Thumb Code    66  stm32f10x_tim.o(.text)
    TIM_ForcedOC1Config                      0x080028f5   Thumb Code    18  stm32f10x_tim.o(.text)
    TIM_ForcedOC2Config                      0x08002907   Thumb Code    26  stm32f10x_tim.o(.text)
    TIM_ForcedOC3Config                      0x08002921   Thumb Code    18  stm32f10x_tim.o(.text)
    TIM_ForcedOC4Config                      0x08002933   Thumb Code    26  stm32f10x_tim.o(.text)
    TIM_ARRPreloadConfig                     0x0800294d   Thumb Code    24  stm32f10x_tim.o(.text)
    TIM_SelectCOM                            0x08002965   Thumb Code    24  stm32f10x_tim.o(.text)
    TIM_SelectCCDMA                          0x0800297d   Thumb Code    24  stm32f10x_tim.o(.text)
    TIM_CCPreloadControl                     0x08002995   Thumb Code    24  stm32f10x_tim.o(.text)
    TIM_OC1PreloadConfig                     0x080029ad   Thumb Code    18  stm32f10x_tim.o(.text)
    TIM_OC2PreloadConfig                     0x080029bf   Thumb Code    26  stm32f10x_tim.o(.text)
    TIM_OC3PreloadConfig                     0x080029d9   Thumb Code    18  stm32f10x_tim.o(.text)
    TIM_OC4PreloadConfig                     0x080029eb   Thumb Code    26  stm32f10x_tim.o(.text)
    TIM_OC1FastConfig                        0x08002a05   Thumb Code    18  stm32f10x_tim.o(.text)
    TIM_OC2FastConfig                        0x08002a17   Thumb Code    26  stm32f10x_tim.o(.text)
    TIM_OC3FastConfig                        0x08002a31   Thumb Code    18  stm32f10x_tim.o(.text)
    TIM_OC4FastConfig                        0x08002a43   Thumb Code    26  stm32f10x_tim.o(.text)
    TIM_ClearOC1Ref                          0x08002a5d   Thumb Code    18  stm32f10x_tim.o(.text)
    TIM_ClearOC2Ref                          0x08002a6f   Thumb Code    24  stm32f10x_tim.o(.text)
    TIM_ClearOC3Ref                          0x08002a87   Thumb Code    18  stm32f10x_tim.o(.text)
    TIM_ClearOC4Ref                          0x08002a99   Thumb Code    24  stm32f10x_tim.o(.text)
    TIM_OC1PolarityConfig                    0x08002ab1   Thumb Code    18  stm32f10x_tim.o(.text)
    TIM_OC1NPolarityConfig                   0x08002ac3   Thumb Code    18  stm32f10x_tim.o(.text)
    TIM_OC2PolarityConfig                    0x08002ad5   Thumb Code    26  stm32f10x_tim.o(.text)
    TIM_OC2NPolarityConfig                   0x08002aef   Thumb Code    26  stm32f10x_tim.o(.text)
    TIM_OC3PolarityConfig                    0x08002b09   Thumb Code    26  stm32f10x_tim.o(.text)
    TIM_OC3NPolarityConfig                   0x08002b23   Thumb Code    26  stm32f10x_tim.o(.text)
    TIM_OC4PolarityConfig                    0x08002b3d   Thumb Code    26  stm32f10x_tim.o(.text)
    TIM_CCxCmd                               0x08002b57   Thumb Code    30  stm32f10x_tim.o(.text)
    TIM_CCxNCmd                              0x08002b75   Thumb Code    30  stm32f10x_tim.o(.text)
    TIM_SelectOCxM                           0x08002b93   Thumb Code    82  stm32f10x_tim.o(.text)
    TIM_UpdateDisableConfig                  0x08002be5   Thumb Code    24  stm32f10x_tim.o(.text)
    TIM_UpdateRequestConfig                  0x08002bfd   Thumb Code    24  stm32f10x_tim.o(.text)
    TIM_SelectHallSensor                     0x08002c15   Thumb Code    24  stm32f10x_tim.o(.text)
    TIM_SelectOnePulseMode                   0x08002c2d   Thumb Code    18  stm32f10x_tim.o(.text)
    TIM_SelectOutputTrigger                  0x08002c3f   Thumb Code    18  stm32f10x_tim.o(.text)
    TIM_SelectSlaveMode                      0x08002c51   Thumb Code    18  stm32f10x_tim.o(.text)
    TIM_SelectMasterSlaveMode                0x08002c63   Thumb Code    18  stm32f10x_tim.o(.text)
    TIM_SetCounter                           0x08002c75   Thumb Code     4  stm32f10x_tim.o(.text)
    TIM_SetAutoreload                        0x08002c79   Thumb Code     4  stm32f10x_tim.o(.text)
    TIM_SetCompare1                          0x08002c7d   Thumb Code     4  stm32f10x_tim.o(.text)
    TIM_SetCompare2                          0x08002c81   Thumb Code     4  stm32f10x_tim.o(.text)
    TIM_SetCompare3                          0x08002c85   Thumb Code     4  stm32f10x_tim.o(.text)
    TIM_SetCompare4                          0x08002c89   Thumb Code     6  stm32f10x_tim.o(.text)
    TIM_SetClockDivision                     0x08002c8f   Thumb Code    18  stm32f10x_tim.o(.text)
    TIM_GetCapture1                          0x08002ca1   Thumb Code     6  stm32f10x_tim.o(.text)
    TIM_GetCapture2                          0x08002ca7   Thumb Code     6  stm32f10x_tim.o(.text)
    TIM_GetCapture3                          0x08002cad   Thumb Code     6  stm32f10x_tim.o(.text)
    TIM_GetCapture4                          0x08002cb3   Thumb Code     8  stm32f10x_tim.o(.text)
    TIM_GetCounter                           0x08002cbb   Thumb Code     6  stm32f10x_tim.o(.text)
    TIM_GetPrescaler                         0x08002cc1   Thumb Code     6  stm32f10x_tim.o(.text)
    TIM_GetFlagStatus                        0x08002cc7   Thumb Code    18  stm32f10x_tim.o(.text)
    TIM_ClearFlag                            0x08002cd9   Thumb Code     6  stm32f10x_tim.o(.text)
    TIM_GetITStatus                          0x08002cdf   Thumb Code    34  stm32f10x_tim.o(.text)
    TIM_ClearITPendingBit                    0x08002d01   Thumb Code     6  stm32f10x_tim.o(.text)
    DMA_DeInit                               0x08002d09   Thumb Code   324  stm32f10x_dma.o(.text)
    DMA_Init                                 0x08002e4d   Thumb Code    60  stm32f10x_dma.o(.text)
    DMA_StructInit                           0x08002e89   Thumb Code    26  stm32f10x_dma.o(.text)
    DMA_Cmd                                  0x08002ea3   Thumb Code    24  stm32f10x_dma.o(.text)
    DMA_ITConfig                             0x08002ebb   Thumb Code    18  stm32f10x_dma.o(.text)
    DMA_SetCurrDataCounter                   0x08002ecd   Thumb Code     4  stm32f10x_dma.o(.text)
    DMA_GetCurrDataCounter                   0x08002ed1   Thumb Code     8  stm32f10x_dma.o(.text)
    DMA_GetFlagStatus                        0x08002ed9   Thumb Code    38  stm32f10x_dma.o(.text)
    DMA_ClearFlag                            0x08002eff   Thumb Code    22  stm32f10x_dma.o(.text)
    DMA_GetITStatus                          0x08002f15   Thumb Code    38  stm32f10x_dma.o(.text)
    DMA_ClearITPendingBit                    0x08002f3b   Thumb Code    22  stm32f10x_dma.o(.text)
    EXTI_DeInit                              0x08002f59   Thumb Code    28  stm32f10x_exti.o(.text)
    EXTI_Init                                0x08002f75   Thumb Code   142  stm32f10x_exti.o(.text)
    EXTI_StructInit                          0x08003003   Thumb Code    16  stm32f10x_exti.o(.text)
    EXTI_GenerateSWInterrupt                 0x08003013   Thumb Code    16  stm32f10x_exti.o(.text)
    EXTI_GetFlagStatus                       0x08003023   Thumb Code    22  stm32f10x_exti.o(.text)
    EXTI_ClearFlag                           0x08003039   Thumb Code     8  stm32f10x_exti.o(.text)
    EXTI_GetITStatus                         0x08003041   Thumb Code    34  stm32f10x_exti.o(.text)
    EXTI_ClearITPendingBit                   0x08003063   Thumb Code     8  stm32f10x_exti.o(.text)
    Reset_Handler                            0x08003075   Thumb Code     8  startup_stm32f10x_hd.o(.text)
    ADC1_2_IRQHandler                        0x0800308f   Thumb Code     0  startup_stm32f10x_hd.o(.text)
    ADC3_IRQHandler                          0x0800308f   Thumb Code     0  startup_stm32f10x_hd.o(.text)
    CAN1_SCE_IRQHandler                      0x0800308f   Thumb Code     0  startup_stm32f10x_hd.o(.text)
    DMA1_Channel1_IRQHandler                 0x0800308f   Thumb Code     0  startup_stm32f10x_hd.o(.text)
    DMA1_Channel2_IRQHandler                 0x0800308f   Thumb Code     0  startup_stm32f10x_hd.o(.text)
    DMA1_Channel3_IRQHandler                 0x0800308f   Thumb Code     0  startup_stm32f10x_hd.o(.text)
    DMA1_Channel4_IRQHandler                 0x0800308f   Thumb Code     0  startup_stm32f10x_hd.o(.text)
    DMA1_Channel6_IRQHandler                 0x0800308f   Thumb Code     0  startup_stm32f10x_hd.o(.text)
    DMA1_Channel7_IRQHandler                 0x0800308f   Thumb Code     0  startup_stm32f10x_hd.o(.text)
    DMA2_Channel1_IRQHandler                 0x0800308f   Thumb Code     0  startup_stm32f10x_hd.o(.text)
    DMA2_Channel2_IRQHandler                 0x0800308f   Thumb Code     0  startup_stm32f10x_hd.o(.text)
    DMA2_Channel3_IRQHandler                 0x0800308f   Thumb Code     0  startup_stm32f10x_hd.o(.text)
    DMA2_Channel4_5_IRQHandler               0x0800308f   Thumb Code     0  startup_stm32f10x_hd.o(.text)
    EXTI0_IRQHandler                         0x0800308f   Thumb Code     0  startup_stm32f10x_hd.o(.text)
    EXTI1_IRQHandler                         0x0800308f   Thumb Code     0  startup_stm32f10x_hd.o(.text)
    EXTI3_IRQHandler                         0x0800308f   Thumb Code     0  startup_stm32f10x_hd.o(.text)
    EXTI4_IRQHandler                         0x0800308f   Thumb Code     0  startup_stm32f10x_hd.o(.text)
    EXTI9_5_IRQHandler                       0x0800308f   Thumb Code     0  startup_stm32f10x_hd.o(.text)
    FLASH_IRQHandler                         0x0800308f   Thumb Code     0  startup_stm32f10x_hd.o(.text)
    FSMC_IRQHandler                          0x0800308f   Thumb Code     0  startup_stm32f10x_hd.o(.text)
    I2C1_ER_IRQHandler                       0x0800308f   Thumb Code     0  startup_stm32f10x_hd.o(.text)
    I2C1_EV_IRQHandler                       0x0800308f   Thumb Code     0  startup_stm32f10x_hd.o(.text)
    I2C2_ER_IRQHandler                       0x0800308f   Thumb Code     0  startup_stm32f10x_hd.o(.text)
    I2C2_EV_IRQHandler                       0x0800308f   Thumb Code     0  startup_stm32f10x_hd.o(.text)
    PVD_IRQHandler                           0x0800308f   Thumb Code     0  startup_stm32f10x_hd.o(.text)
    RCC_IRQHandler                           0x0800308f   Thumb Code     0  startup_stm32f10x_hd.o(.text)
    RTCAlarm_IRQHandler                      0x0800308f   Thumb Code     0  startup_stm32f10x_hd.o(.text)
    RTC_IRQHandler                           0x0800308f   Thumb Code     0  startup_stm32f10x_hd.o(.text)
    SDIO_IRQHandler                          0x0800308f   Thumb Code     0  startup_stm32f10x_hd.o(.text)
    SPI1_IRQHandler                          0x0800308f   Thumb Code     0  startup_stm32f10x_hd.o(.text)
    SPI2_IRQHandler                          0x0800308f   Thumb Code     0  startup_stm32f10x_hd.o(.text)
    SPI3_IRQHandler                          0x0800308f   Thumb Code     0  startup_stm32f10x_hd.o(.text)
    TAMPER_IRQHandler                        0x0800308f   Thumb Code     0  startup_stm32f10x_hd.o(.text)
    TIM1_BRK_IRQHandler                      0x0800308f   Thumb Code     0  startup_stm32f10x_hd.o(.text)
    TIM1_CC_IRQHandler                       0x0800308f   Thumb Code     0  startup_stm32f10x_hd.o(.text)
    TIM1_TRG_COM_IRQHandler                  0x0800308f   Thumb Code     0  startup_stm32f10x_hd.o(.text)
    TIM1_UP_IRQHandler                       0x0800308f   Thumb Code     0  startup_stm32f10x_hd.o(.text)
    TIM3_IRQHandler                          0x0800308f   Thumb Code     0  startup_stm32f10x_hd.o(.text)
    TIM4_IRQHandler                          0x0800308f   Thumb Code     0  startup_stm32f10x_hd.o(.text)
    TIM7_IRQHandler                          0x0800308f   Thumb Code     0  startup_stm32f10x_hd.o(.text)
    TIM8_BRK_IRQHandler                      0x0800308f   Thumb Code     0  startup_stm32f10x_hd.o(.text)
    TIM8_CC_IRQHandler                       0x0800308f   Thumb Code     0  startup_stm32f10x_hd.o(.text)
    TIM8_TRG_COM_IRQHandler                  0x0800308f   Thumb Code     0  startup_stm32f10x_hd.o(.text)
    TIM8_UP_IRQHandler                       0x0800308f   Thumb Code     0  startup_stm32f10x_hd.o(.text)
    UART4_IRQHandler                         0x0800308f   Thumb Code     0  startup_stm32f10x_hd.o(.text)
    UART5_IRQHandler                         0x0800308f   Thumb Code     0  startup_stm32f10x_hd.o(.text)
    USART1_IRQHandler                        0x0800308f   Thumb Code     0  startup_stm32f10x_hd.o(.text)
    USART2_IRQHandler                        0x0800308f   Thumb Code     0  startup_stm32f10x_hd.o(.text)
    USBWakeUp_IRQHandler                     0x0800308f   Thumb Code     0  startup_stm32f10x_hd.o(.text)
    USB_HP_CAN1_TX_IRQHandler                0x0800308f   Thumb Code     0  startup_stm32f10x_hd.o(.text)
    WWDG_IRQHandler                          0x0800308f   Thumb Code     0  startup_stm32f10x_hd.o(.text)
    SysTick_init                             0x08003099   Thumb Code    92  systick.o(.text)
    delay                                    0x080030f5   Thumb Code    20  systick.o(.text)
    TimingDelay_Decrement                    0x08003109   Thumb Code    18  systick.o(.text)
    SysTick_Handler                          0x0800311b   Thumb Code   110  systick.o(.text)
    UART3_init                               0x080031a1   Thumb Code   164  usart.o(.text)
    UART3_SendByte                           0x08003245   Thumb Code    28  usart.o(.text)
    USART3_NVIC_Config                       0x08003261   Thumb Code    40  usart.o(.text)
    USART3_GPIO_Config                       0x08003289   Thumb Code    76  usart.o(.text)
    USART3_MODE_Config                       0x080032d5   Thumb Code    86  usart.o(.text)
    USART3_DMA_TX_Config                     0x0800332b   Thumb Code    66  usart.o(.text)
    USART3_Init                              0x0800336d   Thumb Code    30  usart.o(.text)
    DMA_Enable                               0x0800338b   Thumb Code    28  usart.o(.text)
    USART3_IRQHandler                        0x080033a7   Thumb Code    58  usart.o(.text)
    init_parameter                           0x080033fd   Thumb Code    52  init.o(.text)
    RCC_Configuration                        0x08003431   Thumb Code   100  init.o(.text)
    GPIO_Configuration                       0x08003495   Thumb Code    74  init.o(.text)
    led_tag                                  0x080034df   Thumb Code   158  init.o(.text)
    LedInit                                  0x0800357d   Thumb Code    44  init.o(.text)
    PwmInit                                  0x080035a9   Thumb Code    20  init.o(.text)
    build_co_arg                             0x080035bd   Thumb Code   462  init.o(.text)
    InitAll                                  0x0800378b   Thumb Code   212  init.o(.text)
    LCD_Welcom                               0x0800385f   Thumb Code   574  init.o(.text)
    LCD_PushByte                             0x08003b15   Thumb Code    36  lcd.o(.text)
    LCD_PushString                           0x08003b39   Thumb Code    22  lcd.o(.text)
    LCD_SetXY                                0x08003b4f   Thumb Code    14  lcd.o(.text)
    LCD_WriteChar                            0x08003b5d   Thumb Code    12  lcd.o(.text)
    LCD_WriteString                          0x08003b69   Thumb Code    12  lcd.o(.text)
    LCD_WriteInt                             0x08003b75   Thumb Code    92  lcd.o(.text)
    LCD_WriteDouble                          0x08003bd1   Thumb Code   198  lcd.o(.text)
    LCD_WriteNum                             0x08003c97   Thumb Code   210  lcd.o(.text)
    LCD_WriteCharXY                          0x08003d69   Thumb Code    24  lcd.o(.text)
    LCD_WriteStringXY                        0x08003d81   Thumb Code    24  lcd.o(.text)
    LCD_WriteIntXY                           0x08003d99   Thumb Code    24  lcd.o(.text)
    LCD_WriteDoubleXY                        0x08003db1   Thumb Code    38  lcd.o(.text)
    LCD_WriteNumXY                           0x08003dd7   Thumb Code    32  lcd.o(.text)
    LCD_Clear                                0x08003df7   Thumb Code    32  lcd.o(.text)
    LCD_Clear_Line                           0x08003e17   Thumb Code    16  lcd.o(.text)
    LCD_Clear_Forward                        0x08003e27   Thumb Code    26  lcd.o(.text)
    WriteChar                                0x08003e41   Thumb Code    12  lcd.o(.text)
    WriteString                              0x08003e4d   Thumb Code    22  lcd.o(.text)
    WriteInt                                 0x08003e63   Thumb Code    90  lcd.o(.text)
    WriteDouble                              0x08003ebd   Thumb Code   112  lcd.o(.text)
    RefreshDma                               0x08003f2d   Thumb Code   150  lcd.o(.text)
    refresh                                  0x08003fc3   Thumb Code     8  lcd.o(.text)
    refresh_slow                             0x08003fcb   Thumb Code    34  lcd.o(.text)
    PWM_Mode_Config                          0x08004001   Thumb Code   138  pwm.o(.text)
    PWM_GPIO_Config                          0x0800408b   Thumb Code    48  pwm.o(.text)
    TIM_PWM_Init                             0x080040bb   Thumb Code    24  pwm.o(.text)
    DIR_GPIO_Config                          0x080040d3   Thumb Code    38  pwm.o(.text)
    DIR_IO_Init                              0x080040f9   Thumb Code    24  pwm.o(.text)
    set_mecbl                                0x08004111   Thumb Code    38  pwm.o(.text)
    set_mecbr                                0x08004137   Thumb Code   166  pwm.o(.text)
    set_mecf                                 0x080041dd   Thumb Code   166  pwm.o(.text)
    PWM1_SetDuty                             0x08004283   Thumb Code    44  pwm.o(.text)
    PWM2_SetDuty                             0x080042af   Thumb Code    44  pwm.o(.text)
    PWM3_SetDuty                             0x080042db   Thumb Code    46  pwm.o(.text)
    PWM4_SetDuty                             0x08004309   Thumb Code    46  pwm.o(.text)
    Input_IntValue                           0x08004381   Thumb Code   410  key.o(.text)
    Input_DoubleValue                        0x0800451b   Thumb Code   548  key.o(.text)
    Input_FloatValue                         0x0800473f   Thumb Code   590  key.o(.text)
    colour                                   0x0800499d   Thumb Code   238  measure.o(.text)
    TIM2_IRQHandler                          0x08004a8b   Thumb Code   444  measure.o(.text)
    READ                                     0x08004c65   Thumb Code   124  sa.o(.text)
    SA_Init                                  0x08004ce1   Thumb Code    82  sa.o(.text)
    IO_IT_config                             0x08004d33   Thumb Code   208  sa.o(.text)
    EXTI2_IRQHandler                         0x08004e03   Thumb Code    14  sa.o(.text)
    EXTI15_10_IRQHandler                     0x08004e11   Thumb Code   562  sa.o(.text)
    Hash_Table_init                          0x08005075   Thumb Code    54  can_database.o(.text)
    Write_Database                           0x080050ab   Thumb Code   160  can_database.o(.text)
    CAMERA_G_FUNC                            0x0800515d   Thumb Code    26  command.o(.text)
    CAMERA_L_FUNC                            0x08005177   Thumb Code   186  command.o(.text)
    CAMERA_P_FUNC                            0x08005231   Thumb Code   380  command.o(.text)
    ADC_ELE_FUNC                             0x080053ad   Thumb Code    86  command.o(.text)
    UART1_DMA_init                           0x0800548d   Thumb Code   242  compass.o(.text)
    Compass_Init                             0x0800557f   Thumb Code    12  compass.o(.text)
    DMA1_Channel5_IRQHandler                 0x0800558b   Thumb Code   256  compass.o(.text)
    UART1_SendByte                           0x0800568b   Thumb Code    32  compass.o(.text)
    ReadyMeasure                             0x080056ab   Thumb Code    64  compass.o(.text)
    SetSpeed                                 0x08005719   Thumb Code   930  mecanum.o(.text)
    Mecanum_test                             0x08005abb   Thumb Code   554  mecanum.o(.text)
    keep_line                                0x08005d39   Thumb Code   284  guide.o(.text)
    keep_point                               0x08005e55   Thumb Code   278  guide.o(.text)
    change_pos                               0x08005f6b   Thumb Code   128  guide.o(.text)
    move_car                                 0x08005feb   Thumb Code   564  guide.o(.text)
    stop_car                                 0x0800621f   Thumb Code    38  guide.o(.text)
    Can_NVIC_Config                          0x08006261   Thumb Code    56  can.o(.text)
    CAN_CAN_Config                           0x08006299   Thumb Code    88  can.o(.text)
    Can_FILTER_Config                        0x080062f1   Thumb Code    54  can.o(.text)
    Can_IT_Config                            0x08006327   Thumb Code    24  can.o(.text)
    Can_GPIO_Config                          0x0800633f   Thumb Code    70  can.o(.text)
    CAN_config_init                          0x08006385   Thumb Code   142  can.o(.text)
    Can1_Init                                0x08006413   Thumb Code   104  can.o(.text)
    USB_LP_CAN1_RX0_IRQHandler               0x0800647b   Thumb Code   172  can.o(.text)
    CAN1_RX1_IRQHandler                      0x08006527   Thumb Code   196  can.o(.text)
    Can_SendData                             0x080065eb   Thumb Code    76  can.o(.text)
    leave_timer_cfg                          0x08006659   Thumb Code    92  tim.o(.text)
    TIM6_IRQHandler                          0x080066b5   Thumb Code   130  tim.o(.text)
    move_timer_cfg                           0x08006737   Thumb Code    92  tim.o(.text)
    TIM5_IRQHandler                          0x08006793   Thumb Code    66  tim.o(.text)
    search_road                              0x08006805   Thumb Code     4  obstacle.o(.text)
    obstacle_init                            0x08006809   Thumb Code   520  obstacle.o(.text)
    add_edge                                 0x08006a11   Thumb Code   218  obstacle.o(.text)
    add_point                                0x08006aeb   Thumb Code     2  obstacle.o(.text)
    flashread                                0x08006b1d   Thumb Code    22  flash.o(.text)
    Data_Save                                0x08006b33   Thumb Code   166  flash.o(.text)
    Data_Load                                0x08006bd9   Thumb Code    84  flash.o(.text)
    parameter_setting                        0x08006c3d   Thumb Code   310  parameter_setting.o(.text)
    load_defaults                            0x08006d73   Thumb Code   102  parameter_setting.o(.text)
    Int32Abs                                 0x08006e89   Thumb Code    14  mymath.o(.text)
    Int64Abs                                 0x08006e97   Thumb Code    34  mymath.o(.text)
    F_Abs                                    0x08006eb9   Thumb Code    24  mymath.o(.text)
    MaxFour                                  0x08006ed1   Thumb Code    92  mymath.o(.text)
    GetLength                                0x08006f2d   Thumb Code   184  mymath.o(.text)
    GetDis_P2L                               0x08006fe5   Thumb Code   152  mymath.o(.text)
    GetDis_P2L_PK                            0x0800707d   Thumb Code    90  mymath.o(.text)
    circle_circle_intersection               0x080070d7   Thumb Code   496  mymath.o(.text)
    PID_Clear                                0x080072cd   Thumb Code    46  pid.o(.text)
    Pid_Cal                                  0x080072fb   Thumb Code   348  pid.o(.text)
    ShowMenuList                             0x0800746d   Thumb Code    72  func.o(.text)
    GoKeyNum                                 0x080074b5   Thumb Code    50  func.o(.text)
    KeyNumOperate                            0x080074e7   Thumb Code   130  func.o(.text)
    SaShow                                   0x08007571   Thumb Code   152  m_sa.o(.text)
    comadjust                                0x08007659   Thumb Code   184  m_compass.o(.text)
    ComShow                                  0x08007711   Thumb Code   142  m_compass.o(.text)
    sys_Mecanum                              0x08007835   Thumb Code   164  m_motor.o(.text)
    move_test                                0x080078d9   Thumb Code   606  m_motor.o(.text)
    CamerShow                                0x08007bf9   Thumb Code   286  m_camer.o(.text)
    EleShow                                  0x08007dc9   Thumb Code   128  m_adc.o(.text)
    all_test                                 0x08007e81   Thumb Code   666  m_move.o(.text)
    compass_test                             0x0800811b   Thumb Code   730  m_move.o(.text)
    camer2_Test                              0x080083f5   Thumb Code   334  m_move.o(.text)
    camer1_Test                              0x08008543   Thumb Code   362  m_move.o(.text)
    Keep_Test                                0x080086ad   Thumb Code   170  m_move.o(.text)
    my_test                                  0x08008757   Thumb Code   602  m_move.o(.text)
    __aeabi_memcpy                           0x08008a0d   Thumb Code    36  memcpya.o(.text)
    __aeabi_memcpy4                          0x08008a0d   Thumb Code     0  memcpya.o(.text)
    __aeabi_memcpy8                          0x08008a0d   Thumb Code     0  memcpya.o(.text)
    __aeabi_memset                           0x08008a31   Thumb Code    14  memseta.o(.text)
    __aeabi_memset4                          0x08008a31   Thumb Code     0  memseta.o(.text)
    __aeabi_memset8                          0x08008a31   Thumb Code     0  memseta.o(.text)
    __aeabi_memclr                           0x08008a3f   Thumb Code     4  memseta.o(.text)
    __aeabi_memclr4                          0x08008a3f   Thumb Code     0  memseta.o(.text)
    __aeabi_memclr8                          0x08008a3f   Thumb Code     0  memseta.o(.text)
    _memset$wrapper                          0x08008a43   Thumb Code    18  memseta.o(.text)
    __aeabi_fadd                             0x08008a55   Thumb Code   164  fadd.o(.text)
    __aeabi_fsub                             0x08008af9   Thumb Code     6  fadd.o(.text)
    __aeabi_frsub                            0x08008aff   Thumb Code     6  fadd.o(.text)
    __aeabi_fmul                             0x08008b05   Thumb Code   108  fmul.o(.text)
    __aeabi_fdiv                             0x08008b71   Thumb Code   128  fdiv.o(.text)
    __aeabi_dadd                             0x08008bf1   Thumb Code   322  dadd.o(.text)
    __aeabi_dsub                             0x08008d33   Thumb Code     6  dadd.o(.text)
    __aeabi_drsub                            0x08008d39   Thumb Code     6  dadd.o(.text)
    __aeabi_dmul                             0x08008d3f   Thumb Code   228  dmul.o(.text)
    __aeabi_ddiv                             0x08008e23   Thumb Code   222  ddiv.o(.text)
    __aeabi_i2f                              0x08008f01   Thumb Code    18  fflti.o(.text)
    __aeabi_ui2f                             0x08008f13   Thumb Code    10  ffltui.o(.text)
    __aeabi_i2d                              0x08008f1d   Thumb Code    34  dflti.o(.text)
    __aeabi_ui2d                             0x08008f3f   Thumb Code    26  dfltui.o(.text)
    __aeabi_f2uiz                            0x08008f59   Thumb Code    40  ffixui.o(.text)
    __aeabi_d2iz                             0x08008f81   Thumb Code    62  dfixi.o(.text)
    __aeabi_d2uiz                            0x08008fbf   Thumb Code    50  dfixui.o(.text)
    __aeabi_f2d                              0x08008ff1   Thumb Code    38  f2d.o(.text)
    __aeabi_cdcmpeq                          0x08009019   Thumb Code     0  cdcmple.o(.text)
    __aeabi_cdcmple                          0x08009019   Thumb Code    38  cdcmple.o(.text)
    __aeabi_cdrcmple                         0x08009041   Thumb Code    38  cdrcmple.o(.text)
    __aeabi_d2f                              0x08009069   Thumb Code    56  d2f.o(.text)
    __aeabi_cfcmpeq                          0x080090a1   Thumb Code     0  cfcmple.o(.text)
    __aeabi_cfcmple                          0x080090a1   Thumb Code    20  cfcmple.o(.text)
    __aeabi_cfrcmple                         0x080090b5   Thumb Code    20  cfrcmple.o(.text)
    __aeabi_llsl                             0x080090c9   Thumb Code    30  llshl.o(.text)
    _ll_shift_l                              0x080090c9   Thumb Code     0  llshl.o(.text)
    __aeabi_llsr                             0x080090e7   Thumb Code    32  llushr.o(.text)
    _ll_ushift_r                             0x080090e7   Thumb Code     0  llushr.o(.text)
    __aeabi_lasr                             0x08009107   Thumb Code    36  llsshr.o(.text)
    _ll_sshift_r                             0x08009107   Thumb Code     0  llsshr.o(.text)
    __I$use$fp                               0x0800912b   Thumb Code     0  iusefp.o(.text)
    _float_round                             0x0800912b   Thumb Code    18  fepilogue.o(.text)
    _float_epilogue                          0x0800913d   Thumb Code    90  fepilogue.o(.text)
    _double_round                            0x08009197   Thumb Code    26  depilogue.o(.text)
    _double_epilogue                         0x080091b1   Thumb Code   164  depilogue.o(.text)
    __ARM_scalbn                             0x08009255   Thumb Code    46  dscalb.o(.text)
    scalbn                                   0x08009255   Thumb Code     0  dscalb.o(.text)
    _dsqrt                                   0x08009283   Thumb Code   162  dsqrt.o(.text)
    __scatterload                            0x08009325   Thumb Code    28  init.o(.text)
    __scatterload_rt2                        0x08009325   Thumb Code     0  init.o(.text)
    __decompress                             0x08009349   Thumb Code     0  __dczerorl2.o(.text)
    __decompress1                            0x08009349   Thumb Code    92  __dczerorl2.o(.text)
    __ARM_fpclassify                         0x080093a5   Thumb Code    40  fpclassify.o(i.__ARM_fpclassify)
    __ieee754_rem_pio2                       0x080093cd   Thumb Code   832  rred.o(i.__ieee754_rem_pio2)
    __kernel_cos                             0x08009755   Thumb Code   230  cos_i.o(i.__kernel_cos)
    __kernel_poly                            0x08009851   Thumb Code   170  poly.o(i.__kernel_poly)
    __kernel_sin                             0x080098fd   Thumb Code   224  sin_i.o(i.__kernel_sin)
    __mathlib_dbl_underflow                  0x080099e9   Thumb Code    10  dunder.o(i.__mathlib_dbl_underflow)
    __scatterload_copy                       0x080099f9   Thumb Code    14  handlers.o(i.__scatterload_copy)
    __scatterload_null                       0x08009a07   Thumb Code     2  handlers.o(i.__scatterload_null)
    __scatterload_zeroinit                   0x08009a09   Thumb Code    14  handlers.o(i.__scatterload_zeroinit)
    __set_errno                              0x08009a19   Thumb Code     6  errno.o(i.__set_errno)
    ceil                                     0x08009a25   Thumb Code   204  ceil.o(i.ceil)
    cos                                      0x08009b01   Thumb Code   164  cos.o(i.cos)
    hypot                                    0x08009bad   Thumb Code   644  hypot.o(i.hypot)
    sin                                      0x08009e45   Thumb Code   166  sin.o(i.sin)
    sqrt                                     0x08009ef5   Thumb Code    76  sqrt.o(i.sqrt)
    Region$$Table$$Base                      0x0800a280   Number         0  anon$$obj.o(Region$$Table)
    Region$$Table$$Limit                     0x0800a2a0   Number         0  anon$$obj.o(Region$$Table)
    col_error                                0x20000000   Data           1  main.o(.data)
    SystemCoreClock                          0x20000004   Data           4  system_stm32f10x.o(.data)
    AHBPrescTable                            0x20000008   Data          16  system_stm32f10x.o(.data)
    KeyReady                                 0x20000038   Data           1  usart.o(.data)
    ChangK                                   0x20000039   Data           1  usart.o(.data)
    key_name                                 0x2000003c   Data           4  usart.o(.data)
    KeyValue                                 0x20000040   Data           4  usart.o(.data)
    key_test                                 0x20000048   Data           8  usart.o(.data)
    delta_y                                  0x20000050   Data           4  init.o(.data)
    delta_x                                  0x20000054   Data           4  init.o(.data)
    delta_slow                               0x20000058   Data           4  init.o(.data)
    move_distance                            0x2000005c   Data           4  init.o(.data)
    LCD_Index                                0x20000060   Data           1  lcd.o(.data)
    Sys_Clk                                  0x20000068   Data           4  pwm.o(.data)
    pwm1_2_Freqz                             0x2000006c   Data           2  pwm.o(.data)
    pwm3_4_Freqz                             0x2000006e   Data           2  pwm.o(.data)
    TIM2_PERIOD                              0x20000070   Data           2  pwm.o(.data)
    TIM4_PERIOD                              0x20000072   Data           2  pwm.o(.data)
    CCR_VAL1                                 0x20000074   Data           2  pwm.o(.data)
    CCR_VAL2                                 0x20000076   Data           2  pwm.o(.data)
    CCR_VAL3                                 0x20000078   Data           2  pwm.o(.data)
    CCR_VAL4                                 0x2000007a   Data           2  pwm.o(.data)
    TIM2CH2_CAPTURE_STA                      0x2000007c   Data           1  measure.o(.data)
    TIM2CH3_CAPTURE_STA                      0x2000007d   Data           1  measure.o(.data)
    temp1                                    0x20000080   Data           4  measure.o(.data)
    temp2                                    0x20000084   Data           4  measure.o(.data)
    TIM2CH2_CAPTURE_VAL                      0x20000088   Data           2  measure.o(.data)
    TIM2CH3_CAPTURE_VAL                      0x2000008a   Data           2  measure.o(.data)
    sa_status                                0x2000008c   Data           1  sa.o(.data)
    Can_Data_Num                             0x20000090   Data           1  can_database.o(.data)
    Can_Database                             0x20000094   Data         100  can_database.o(.data)
    HASH_TABLE                               0x200000f8   Data         256  can_database.o(.data)
    CAMERA_G_DATA                            0x200001f8   Data           8  can_database.o(.data)
    CAMERA_L_DATA                            0x20000200   Data           2  can_database.o(.data)
    CAMERA_P_DATA                            0x20000204   Data           8  can_database.o(.data)
    ADC_ELE_DATA                             0x2000020c   Data           8  can_database.o(.data)
    ADC_MOT_DATA                             0x20000214   Data           4  can_database.o(.data)
    guide_dis_error                          0x20000218   Data           4  command.o(.data)
    guide_ang_error                          0x2000021c   Data           4  command.o(.data)
    pattern_find                             0x20000220   Data           1  command.o(.data)
    slow_down                                0x20000221   Data           1  command.o(.data)
    locate_ang                               0x20000224   Data           4  command.o(.data)
    locate_x_error                           0x20000228   Data           4  command.o(.data)
    locate_y_error                           0x2000022c   Data           4  command.o(.data)
    move_angle                               0x20000230   Data           4  command.o(.data)
    max_vol                                  0x20000234   Data           4  command.o(.data)
    min_vol                                  0x20000238   Data           4  command.o(.data)
    low_ele                                  0x2000023c   Data           1  command.o(.data)
    angle                                    0x20000240   Data           4  compass.o(.data)
    angle_average                            0x20000244   Data           4  compass.o(.data)
    USART1_RxBuffer                          0x20000248   Data           8  compass.o(.data)
    Max_Acc                                  0x20000250   Data           4  mecanum.o(.data)
    Mec_F                                    0x20000254   Data           8  mecanum.o(.data)
    Mec_BR                                   0x2000025c   Data           8  mecanum.o(.data)
    Mec_BL                                   0x20000264   Data           8  mecanum.o(.data)
    wheel_r                                  0x20000274   Data           4  mecanum.o(.data)
    wheel_i_R                                0x2000027c   Data          36  mecanum.o(.data)
    a_OR                                     0x200002a0   Data           4  mecanum.o(.data)
    motor_speed                              0x200002a4   Data           4  mecanum.o(.data)
    Speed_Limit                              0x200002a8   Data           4  mecanum.o(.data)
    speed_propor                             0x200002ac   Data           4  mecanum.o(.data)
    f_speed                                  0x200002b0   Data           4  mecanum.o(.data)
    bl_speed                                 0x200002b4   Data           4  mecanum.o(.data)
    br_speed                                 0x200002b8   Data           4  mecanum.o(.data)
    Speed_X                                  0x200002c8   Data           4  mecanum.o(.data)
    Speed_Y                                  0x200002cc   Data           4  mecanum.o(.data)
    Speed_Rotation                           0x200002d0   Data           4  mecanum.o(.data)
    coeff_x                                  0x200002d4   Data           4  mecanum.o(.data)
    coeff_y                                  0x200002d8   Data           4  mecanum.o(.data)
    coeff_r                                  0x200002dc   Data           4  mecanum.o(.data)
    nspeed_x                                 0x200002e0   Data           4  mecanum.o(.data)
    nspeed_y                                 0x200002e4   Data           4  mecanum.o(.data)
    nspeed_w                                 0x200002e8   Data           4  mecanum.o(.data)
    guideDisError                            0x200002ec   Data           4  guide.o(.data)
    guideAngError                            0x200002f0   Data           4  guide.o(.data)
    Vout_0                                   0x200002f4   Data           4  guide.o(.data)
    Vout_1                                   0x200002f8   Data           4  guide.o(.data)
    Vout_X                                   0x200002fc   Data           4  guide.o(.data)
    Vout_Y                                   0x20000300   Data           4  guide.o(.data)
    Vout_W                                   0x20000304   Data           4  guide.o(.data)
    start_pos                                0x20000308   Data           2  guide.o(.data)
    target_pos                               0x2000030a   Data           2  guide.o(.data)
    now_pos                                  0x2000030c   Data           2  guide.o(.data)
    my_robot                                 0x2000030e   Data           1  guide.o(.data)
    Can_State                                0x20000314   Data           1  can.o(.data)
    leave_sec                                0x2000031c   Data           4  tim.o(.data)
    move_sec                                 0x20000320   Data           4  tim.o(.data)
    point_cnt                                0x2000032c   Data           1  obstacle.o(.data)
    edge_cnt                                 0x2000032d   Data           1  obstacle.o(.data)
    x_direction                              0x2000032e   Data           1  obstacle.o(.data)
    y_direction                              0x2000032f   Data           1  obstacle.o(.data)
    p_status                                 0x20000330   Data           6  obstacle.o(.data)
    x                                        0x20000336   Data           1  obstacle.o(.data)
    y                                        0x20000337   Data           1  obstacle.o(.data)
    PID_flag                                 0x20000338   Data           1  pid.o(.data)
    Pid_List                                 0x2000033c   Data         144  pid.o(.data)
    CurrentMenu                              0x200003f0   Data           4  list.o(.data)
    MainMenu                                 0x200003f4   Data         160  list.o(.data)
    M_VIEW                                   0x20000494   Data         160  list.o(.data)
    M_PID                                    0x20000534   Data         160  list.o(.data)
    M_TEST                                   0x200005d4   Data         160  list.o(.data)
    v_thresh                                 0x20000678   Data           8  m_adc.o(.data)
    AGV_speed                                0x20000680   Data           4  m_move.o(.data)
    speed_point                              0x20000684   Data           4  m_move.o(.data)
    Stop_time                                0x20000688   Data           4  m_move.o(.data)
    USART3_TxBuffer                          0x20000690   Data          48  usart.o(.bss)
    mycoeff_arg                              0x200006c0   Data          36  init.o(.bss)
    LCD_Table                                0x200006e4   Data         160  lcd.o(.bss)
    TIM_TimeBaseStructure                    0x20000784   Data          10  pwm.o(.bss)
    TIM_OCInitStruct                         0x2000078e   Data          16  pwm.o(.bss)
    angle_last                               0x200007a0   Data          16  compass.o(.bss)
    my_point                                 0x200007b0   Data          12  obstacle.o(.bss)
    my_edge                                  0x200007bc   Data          18  obstacle.o(.bss)
    flash_save                               0x200007d0   Data          88  flash.o(.bss)
    __initial_sp                             0x20000c28   Data           0  startup_stm32f10x_hd.o(STACK)



==============================================================================

Memory Map of the image

  Image Entry point : 0x08000131

  Load Region LR_IROM1 (Base: 0x08000000, Size: 0x0000a930, Max: 0x00040000, ABSOLUTE, COMPRESSED[0x0000a41c])

    Execution Region ER_IROM1 (Base: 0x08000000, Size: 0x0000a2a0, Max: 0x00040000, ABSOLUTE)

    Base Addr    Size         Type   Attr      Idx    E Section Name        Object

    0x08000000   0x00000130   Data   RO          335    RESET               startup_stm32f10x_hd.o
    0x08000130   0x00000000   Code   RO          929  * .ARM.Collect$$$$00000000  mc_w.l(entry.o)
    0x08000130   0x00000004   Code   RO          997    .ARM.Collect$$$$00000001  mc_w.l(entry2.o)
    0x08000134   0x00000004   Code   RO         1000    .ARM.Collect$$$$00000004  mc_w.l(entry5.o)
    0x08000138   0x00000000   Code   RO         1002    .ARM.Collect$$$$00000008  mc_w.l(entry7b.o)
    0x08000138   0x00000000   Code   RO         1004    .ARM.Collect$$$$0000000A  mc_w.l(entry8b.o)
    0x08000138   0x00000008   Code   RO         1005    .ARM.Collect$$$$0000000B  mc_w.l(entry9a.o)
    0x08000140   0x00000000   Code   RO         1007    .ARM.Collect$$$$0000000D  mc_w.l(entry10a.o)
    0x08000140   0x00000000   Code   RO         1009    .ARM.Collect$$$$0000000F  mc_w.l(entry11a.o)
    0x08000140   0x00000004   Code   RO          998    .ARM.Collect$$$$00002712  mc_w.l(entry2.o)
    0x08000144   0x0000002c   Code   RO            1    .text               main.o
    0x08000170   0x00000018   Code   RO          164    .text               stm32f10x_it.o
    0x08000188   0x000001dc   Code   RO          179    .text               system_stm32f10x.o
    0x08000364   0x00000358   Code   RO          197    .text               stm32f10x_gpio.o
    0x080006bc   0x000003a4   Code   RO          209    .text               stm32f10x_rcc.o
    0x08000a60   0x00000408   Code   RO          223    .text               stm32f10x_usart.o
    0x08000e68   0x000005bc   Code   RO          235    .text               stm32f10x_flash.o
    0x08001424   0x000000dc   Code   RO          247    .text               misc.o
    0x08001500   0x000009ec   Code   RO          259    .text               stm32f10x_can.o
    0x08001eec   0x00000e1a   Code   RO          271    .text               stm32f10x_tim.o
    0x08002d06   0x00000002   PAD
    0x08002d08   0x00000250   Code   RO          283    .text               stm32f10x_dma.o
    0x08002f58   0x0000011c   Code   RO          310    .text               stm32f10x_exti.o
    0x08003074   0x00000024   Code   RO          336    .text               startup_stm32f10x_hd.o
    0x08003098   0x00000108   Code   RO          340    .text               systick.o
    0x080031a0   0x0000025c   Code   RO          358    .text               usart.o
    0x080033fc   0x00000718   Code   RO          379    .text               init.o
    0x08003b14   0x000004ec   Code   RO          404    .text               lcd.o
    0x08004000   0x00000380   Code   RO          427    .text               pwm.o
    0x08004380   0x0000061c   Code   RO          447    .text               key.o
    0x0800499c   0x000002c8   Code   RO          459    .text               measure.o
    0x08004c64   0x00000410   Code   RO          489    .text               sa.o
    0x08005074   0x000000e8   Code   RO          509    .text               can_database.o
    0x0800515c   0x00000330   Code   RO          528    .text               command.o
    0x0800548c   0x0000028c   Code   RO          551    .text               compass.o
    0x08005718   0x00000620   Code   RO          574    .text               mecanum.o
    0x08005d38   0x00000528   Code   RO          594    .text               guide.o
    0x08006260   0x000003f8   Code   RO          613    .text               can.o
    0x08006658   0x000001ac   Code   RO          641    .text               tim.o
    0x08006804   0x00000318   Code   RO          659    .text               obstacle.o
    0x08006b1c   0x00000120   Code   RO          678    .text               flash.o
    0x08006c3c   0x0000024c   Code   RO          693    .text               parameter_setting.o
    0x08006e88   0x00000444   Code   RO          707    .text               mymath.o
    0x080072cc   0x000001a0   Code   RO          719    .text               pid.o
    0x0800746c   0x00000104   Code   RO          737    .text               func.o
    0x08007570   0x000000e8   Code   RO          790    .text               m_sa.o
    0x08007658   0x000001dc   Code   RO          804    .text               m_compass.o
    0x08007834   0x000003c4   Code   RO          817    .text               m_motor.o
    0x08007bf8   0x000001d0   Code   RO          833    .text               m_camer.o
    0x08007dc8   0x000000b8   Code   RO          845    .text               m_adc.o
    0x08007e80   0x00000b8c   Code   RO          863    .text               m_move.o
    0x08008a0c   0x00000024   Code   RO          932    .text               mc_w.l(memcpya.o)
    0x08008a30   0x00000024   Code   RO          934    .text               mc_w.l(memseta.o)
    0x08008a54   0x000000b0   Code   RO          938    .text               mf_w.l(fadd.o)
    0x08008b04   0x0000006c   Code   RO          940    .text               mf_w.l(fmul.o)
    0x08008b70   0x00000080   Code   RO          942    .text               mf_w.l(fdiv.o)
    0x08008bf0   0x0000014e   Code   RO          944    .text               mf_w.l(dadd.o)
    0x08008d3e   0x000000e4   Code   RO          946    .text               mf_w.l(dmul.o)
    0x08008e22   0x000000de   Code   RO          948    .text               mf_w.l(ddiv.o)
    0x08008f00   0x00000012   Code   RO          950    .text               mf_w.l(fflti.o)
    0x08008f12   0x0000000a   Code   RO          952    .text               mf_w.l(ffltui.o)
    0x08008f1c   0x00000022   Code   RO          954    .text               mf_w.l(dflti.o)
    0x08008f3e   0x0000001a   Code   RO          956    .text               mf_w.l(dfltui.o)
    0x08008f58   0x00000028   Code   RO          958    .text               mf_w.l(ffixui.o)
    0x08008f80   0x0000003e   Code   RO          960    .text               mf_w.l(dfixi.o)
    0x08008fbe   0x00000032   Code   RO          962    .text               mf_w.l(dfixui.o)
    0x08008ff0   0x00000026   Code   RO          964    .text               mf_w.l(f2d.o)
    0x08009016   0x00000002   PAD
    0x08009018   0x00000028   Code   RO          966    .text               mf_w.l(cdcmple.o)
    0x08009040   0x00000028   Code   RO          968    .text               mf_w.l(cdrcmple.o)
    0x08009068   0x00000038   Code   RO          970    .text               mf_w.l(d2f.o)
    0x080090a0   0x00000014   Code   RO          972    .text               mf_w.l(cfcmple.o)
    0x080090b4   0x00000014   Code   RO          974    .text               mf_w.l(cfrcmple.o)
    0x080090c8   0x0000001e   Code   RO         1011    .text               mc_w.l(llshl.o)
    0x080090e6   0x00000020   Code   RO         1013    .text               mc_w.l(llushr.o)
    0x08009106   0x00000024   Code   RO         1015    .text               mc_w.l(llsshr.o)
    0x0800912a   0x00000000   Code   RO         1024    .text               mc_w.l(iusefp.o)
    0x0800912a   0x0000006c   Code   RO         1025    .text               mf_w.l(fepilogue.o)
    0x08009196   0x000000be   Code   RO         1027    .text               mf_w.l(depilogue.o)
    0x08009254   0x0000002e   Code   RO         1029    .text               mf_w.l(dscalb.o)
    0x08009282   0x000000a2   Code   RO         1031    .text               mf_w.l(dsqrt.o)
    0x08009324   0x00000024   Code   RO         1033    .text               mc_w.l(init.o)
    0x08009348   0x0000005c   Code   RO         1043    .text               mc_w.l(__dczerorl2.o)
    0x080093a4   0x00000028   Code   RO          981    i.__ARM_fpclassify  m_ws.l(fpclassify.o)
    0x080093cc   0x00000388   Code   RO          986    i.__ieee754_rem_pio2  m_ws.l(rred.o)
    0x08009754   0x000000fc   Code   RO          976    i.__kernel_cos      m_ws.l(cos_i.o)
    0x08009850   0x000000aa   Code   RO          983    i.__kernel_poly     m_ws.l(poly.o)
    0x080098fa   0x00000002   PAD
    0x080098fc   0x000000ec   Code   RO          991    i.__kernel_sin      m_ws.l(sin_i.o)
    0x080099e8   0x00000010   Code   RO          979    i.__mathlib_dbl_underflow  m_ws.l(dunder.o)
    0x080099f8   0x0000000e   Code   RO         1037    i.__scatterload_copy  mc_w.l(handlers.o)
    0x08009a06   0x00000002   Code   RO         1038    i.__scatterload_null  mc_w.l(handlers.o)
    0x08009a08   0x0000000e   Code   RO         1039    i.__scatterload_zeroinit  mc_w.l(handlers.o)
    0x08009a16   0x00000002   PAD
    0x08009a18   0x0000000c   Code   RO         1019    i.__set_errno       mc_w.l(errno.o)
    0x08009a24   0x000000dc   Code   RO          884    i.ceil              m_ws.l(ceil.o)
    0x08009b00   0x000000ac   Code   RO          888    i.cos               m_ws.l(cos.o)
    0x08009bac   0x00000298   Code   RO          896    i.hypot             m_ws.l(hypot.o)
    0x08009e44   0x000000b0   Code   RO          914    i.sin               m_ws.l(sin.o)
    0x08009ef4   0x0000004c   Code   RO          922    i.sqrt              m_ws.l(sqrt.o)
    0x08009f40   0x00000054   Data   RO          406    .constdata          lcd.o
    0x08009f94   0x00000045   Data   RO          694    .constdata          parameter_setting.o
    0x08009fd9   0x00000003   PAD
    0x08009fdc   0x00000020   Data   RO          791    .constdata          m_sa.o
    0x08009ffc   0x00000059   Data   RO          805    .constdata          m_compass.o
    0x0800a055   0x00000003   PAD
    0x0800a058   0x00000030   Data   RO          977    .constdata          m_ws.l(cos_i.o)
    0x0800a088   0x000000c8   Data   RO          988    .constdata          m_ws.l(rred.o)
    0x0800a150   0x00000028   Data   RO          992    .constdata          m_ws.l(sin_i.o)
    0x0800a178   0x00000003   Data   RO          360    .conststring        usart.o
    0x0800a17b   0x000000c9   Data   RO          749    .conststring        list.o
    0x0800a244   0x0000003c   Data   RO          792    .conststring        m_sa.o
    0x0800a280   0x00000020   Data   RO         1035    Region$$Table       anon$$obj.o


    Execution Region RW_IRAM1 (Base: 0x20000000, Size: 0x00000c28, Max: 0x0000c000, ABSOLUTE, COMPRESSED[0x0000017c])

    Base Addr    Size         Type   Attr      Idx    E Section Name        Object

    0x20000000   0x00000001   Data   RW            2    .data               main.o
    0x20000001   0x00000003   PAD
    0x20000004   0x00000014   Data   RW          180    .data               system_stm32f10x.o
    0x20000018   0x00000014   Data   RW          210    .data               stm32f10x_rcc.o
    0x2000002c   0x00000008   Data   RW          341    .data               systick.o
    0x20000034   0x00000004   PAD
    0x20000038   0x00000018   Data   RW          361    .data               usart.o
    0x20000050   0x00000010   Data   RW          381    .data               init.o
    0x20000060   0x00000008   Data   RW          407    .data               lcd.o
    0x20000068   0x00000014   Data   RW          429    .data               pwm.o
    0x2000007c   0x00000010   Data   RW          460    .data               measure.o
    0x2000008c   0x00000001   Data   RW          490    .data               sa.o
    0x2000008d   0x00000003   PAD
    0x20000090   0x00000188   Data   RW          510    .data               can_database.o
    0x20000218   0x00000025   Data   RW          529    .data               command.o
    0x2000023d   0x00000003   PAD
    0x20000240   0x00000010   Data   RW          553    .data               compass.o
    0x20000250   0x0000009c   Data   RW          575    .data               mecanum.o
    0x200002ec   0x00000028   Data   RW          595    .data               guide.o
    0x20000314   0x00000008   Data   RW          614    .data               can.o
    0x2000031c   0x00000010   Data   RW          642    .data               tim.o
    0x2000032c   0x0000000c   Data   RW          661    .data               obstacle.o
    0x20000338   0x000000b8   Data   RW          720    .data               pid.o
    0x200003f0   0x00000284   Data   RW          750    .data               list.o
    0x20000674   0x00000004   PAD
    0x20000678   0x00000008   Data   RW          846    .data               m_adc.o
    0x20000680   0x0000000c   Data   RW          864    .data               m_move.o
    0x2000068c   0x00000004   Data   RW         1020    .data               mc_w.l(errno.o)
    0x20000690   0x00000030   Zero   RW          359    .bss                usart.o
    0x200006c0   0x00000024   Zero   RW          380    .bss                init.o
    0x200006e4   0x000000a0   Zero   RW          405    .bss                lcd.o
    0x20000784   0x0000001a   Zero   RW          428    .bss                pwm.o
    0x2000079e   0x00000002   PAD
    0x200007a0   0x00000010   Zero   RW          552    .bss                compass.o
    0x200007b0   0x0000001e   Zero   RW          660    .bss                obstacle.o
    0x200007ce   0x00000002   PAD
    0x200007d0   0x00000058   Zero   RW          679    .bss                flash.o
    0x20000828   0x00000400   Zero   RW          333    STACK               startup_stm32f10x_hd.o


==============================================================================

Image component sizes


      Code (inc. data)   RO Data    RW Data    ZI Data      Debug   Object Name

      1016         34          0          8          0       2915   can.o
       232         18          0        392          0       2804   can_database.o
       816        138          0         37          0       1710   command.o
       652         46          0         16         16       2028   compass.o
         0          0          0          0          0         32   core_cm3.o
       288         16          0          0         88       1313   flash.o
       260         22          0          0          0       1202   func.o
      1320        160          0         40          0       2465   guide.o
      1816        232          0         16         36       3137   init.o
      1564        122          0          0          0       2500   key.o
      1260         68         84          8        160       5510   lcd.o
         0          0        201        644          0        639   list.o
       184         56          0          8          0        601   m_adc.o
       464        178          0          0          0        508   m_camer.o
       476        150         89          0          0        816   m_compass.o
       964        204          0          0          0       1388   m_motor.o
      2956        746          0         12          0       2900   m_move.o
       232         80         92          0          0        565   m_sa.o
        44         12          0          1          0     283032   main.o
       712         30          0         16          0       1415   measure.o
      1568        242          0        156          0       2520   mecanum.o
       220         20          0          0          0       1733   misc.o
      1092          6          0          0          0       3068   mymath.o
       792         48          0         12         30       2642   obstacle.o
       588        176         69          0          0        786   parameter_setting.o
       416         22          0        184          0       1216   pid.o
       896         74          0         20         26       2999   pwm.o
      1040         50          0          1          0       1482   sa.o
        36          8        304          0       1024        812   startup_stm32f10x_hd.o
      2540         38          0          0          0       7784   stm32f10x_can.o
       592          8          0          0          0       4258   stm32f10x_dma.o
       284         10          0          0          0       2163   stm32f10x_exti.o
      1468         34          0          0          0       7958   stm32f10x_flash.o
       856         40          0          0          0       5573   stm32f10x_gpio.o
        24          0          0          0          0       1050   stm32f10x_it.o
       932         44          0         20          0       8688   stm32f10x_rcc.o
      3610         88          0          0          0      22060   stm32f10x_tim.o
      1032         22          0          0          0       8300   stm32f10x_usart.o
       476         36          0         20          0       1627   system_stm32f10x.o
       264         24          0          8          0      16574   systick.o
       428         48          0         16          0       1290   tim.o
       604         28          3         24         48       2612   usart.o

    ----------------------------------------------------------------------
     35016       3378        880       1676       1432     424675   Object Totals
         0          0         32          0          0          0   (incl. Generated)
         2          0          6         17          4          0   (incl. Padding)

    ----------------------------------------------------------------------

      Code (inc. data)   RO Data    RW Data    ZI Data      Debug   Library Member Name

       220         16          0          0          0         84   ceil.o
       172          8          0          0          0        112   cos.o
       252         22         48          0          0        124   cos_i.o
        16          6          0          0          0         68   dunder.o
        40          0          0          0          0         68   fpclassify.o
       664         20          0          0          0        160   hypot.o
       170          0          0          0          0         96   poly.o
       904         72        200          0          0        140   rred.o
       176         10          0          0          0        116   sin.o
       236         12         40          0          0        128   sin_i.o
        76          0          0          0          0         84   sqrt.o
        92          0          0          0          0          0   __dczerorl2.o
         0          0          0          0          0          0   entry.o
         0          0          0          0          0          0   entry10a.o
         0          0          0          0          0          0   entry11a.o
         8          4          0          0          0          0   entry2.o
         4          0          0          0          0          0   entry5.o
         0          0          0          0          0          0   entry7b.o
         0          0          0          0          0          0   entry8b.o
         8          4          0          0          0          0   entry9a.o
        12          6          0          4          0         68   errno.o
        30          0          0          0          0          0   handlers.o
        36          8          0          0          0         68   init.o
         0          0          0          0          0          0   iusefp.o
        30          0          0          0          0         68   llshl.o
        36          0          0          0          0         68   llsshr.o
        32          0          0          0          0         68   llushr.o
        36          0          0          0          0         68   memcpya.o
        36          0          0          0          0        108   memseta.o
        40          2          0          0          0         68   cdcmple.o
        40          2          0          0          0         68   cdrcmple.o
        20          0          0          0          0         68   cfcmple.o
        20          0          0          0          0         68   cfrcmple.o
        56          0          0          0          0         88   d2f.o
       334          0          0          0          0        148   dadd.o
       222          0          0          0          0        100   ddiv.o
       190          0          0          0          0        176   depilogue.o
        62          0          0          0          0         80   dfixi.o
        50          0          0          0          0         76   dfixui.o
        34          0          0          0          0         76   dflti.o
        26          0          0          0          0         76   dfltui.o
       228          0          0          0          0         96   dmul.o
        46          0          0          0          0         80   dscalb.o
       162          0          0          0          0        100   dsqrt.o
        38          0          0          0          0         68   f2d.o
       176          0          0          0          0        140   fadd.o
       128          0          0          0          0         88   fdiv.o
       108          0          0          0          0        168   fepilogue.o
        40          0          0          0          0         68   ffixui.o
        18          0          0          0          0         68   fflti.o
        10          0          0          0          0         68   ffltui.o
       108          0          0          0          0         76   fmul.o

    ----------------------------------------------------------------------
      5448        192        288          4          0       3808   Library Totals
         6          0          0          0          0          0   (incl. Padding)

    ----------------------------------------------------------------------

      Code (inc. data)   RO Data    RW Data    ZI Data      Debug   Library Name

      2926        166        288          0          0       1180   m_ws.l
       360         22          0          4          0        516   mc_w.l
      2156          4          0          0          0       2112   mf_w.l

    ----------------------------------------------------------------------
      5448        192        288          4          0       3808   Library Totals

    ----------------------------------------------------------------------

==============================================================================


      Code (inc. data)   RO Data    RW Data    ZI Data      Debug   

     40464       3570       1168       1680       1432     423387   Grand Totals
     40464       3570       1168        380       1432     423387   ELF Image Totals (compressed)
     40464       3570       1168        380          0          0   ROM Totals

==============================================================================

    Total RO  Size (Code + RO Data)                41632 (  40.66kB)
    Total RW  Size (RW Data + ZI Data)              3112 (   3.04kB)
    Total ROM Size (Code + RO Data + RW Data)      42012 (  41.03kB)

==============================================================================

